Archive member included because of file (symbol)

C:\AvrEdit\WinAVR\bin\..\lib\gcc-lib\avr\3.3.1\avr5\libgcc.a(_clear_bss.o)
                              DME_2012D.o (__do_clear_bss)

Allocating common symbols
Common symbol       size              file

E_FCRC_A            0x1               DME_2012D.o
Key_Clear           0x1               DME_2012D.o
INPUT_TYPE_A        0x1               DME_2012D.o
j                   0x2               DME_2012D.o
SW_HOME_B           0x1               DME_2012D.o
E_SYNC_A            0x1               DME_2012D.o
Buf_Count0          0x2               DME_2012D.o
INPUT_TYPE_B        0x1               DME_2012D.o
E_HCRC_B            0x1               DME_2012D.o
RXD_BUF0            0x1e              DME_2012D.o
RM_RST_KEY          0x1               DME_2012D.o
E_SYNC_B            0x1               DME_2012D.o
E_HCRC_A            0x1               DME_2012D.o
i                   0x2               DME_2012D.o
AUDIO_MUTE_B        0x1               DME_2012D.o
ETI_LOS             0x1               DME_2012D.o
ETI_LOS_BUF0        0x1               DME_2012D.o
Key_Clear_Flag      0x1               DME_2012D.o
E_FCNT_B            0x1               DME_2012D.o
AUDIO_MUTE_A        0x1               DME_2012D.o
Serial_Count0       0x2               DME_2012D.o
E_FCNT_A            0x1               DME_2012D.o
ETI_LOS_BUF1        0x1               DME_2012D.o
ETI_LOS_BUF         0x1               DME_2012D.o
E_FCRC_B            0x1               DME_2012D.o
RXD_BUF1            0x1e              DME_2012D.o
Key_Input           0x1               DME_2012D.o
LED_TIME_Count      0x1               DME_2012D.o
Serial_Count1       0x2               DME_2012D.o
RM_RST_KEY_Flag     0x1               DME_2012D.o
Buf_Count1          0x2               DME_2012D.o
Log_LED_Clear_Time_Count
                    0x4               DME_2012D.o
SW_HOME_A           0x1               DME_2012D.o

Memory Configuration

Name             Origin             Length             Attributes
text             0x00000000         0x00020000         xr
data             0x00800060         0x0000ffa0         rw !x
eeprom           0x00810000         0x00010000         rw !x
*default*        0x00000000         0xffffffff

Linker script and memory map

Address of section .data set to 0x800100
LOAD C:\AvrEdit\WinAVR\bin\..\lib\gcc-lib\avr\3.3.1\..\..\..\..\avr\lib\avr5\crtm128.o
LOAD DME_2012D.o
LOAD C:\AvrEdit\WinAVR\bin\..\lib\gcc-lib\avr\3.3.1\..\..\..\..\avr\lib\avr5\libm.a
LOAD C:\AvrEdit\WinAVR\bin\..\lib\gcc-lib\avr\3.3.1\avr5\libgcc.a
LOAD C:\AvrEdit\WinAVR\bin\..\lib\gcc-lib\avr\3.3.1\..\..\..\..\avr\lib\avr5\libc.a
LOAD C:\AvrEdit\WinAVR\bin\..\lib\gcc-lib\avr\3.3.1\avr5\libgcc.a

.hash
 *(.hash)

.dynsym
 *(.dynsym)

.dynstr
 *(.dynstr)

.gnu.version
 *(.gnu.version)

.gnu.version_d
 *(.gnu.version_d)

.gnu.version_r
 *(.gnu.version_r)

.rel.init
 *(.rel.init)

.rela.init
 *(.rela.init)

.rel.text
 *(.rel.text)
 *(.rel.text.*)
 *(.rel.gnu.linkonce.t*)

.rela.text
 *(.rela.text)
 *(.rela.text.*)
 *(.rela.gnu.linkonce.t*)

.rel.fini
 *(.rel.fini)

.rela.fini
 *(.rela.fini)

.rel.rodata
 *(.rel.rodata)
 *(.rel.rodata.*)
 *(.rel.gnu.linkonce.r*)

.rela.rodata
 *(.rela.rodata)
 *(.rela.rodata.*)
 *(.rela.gnu.linkonce.r*)

.rel.data
 *(.rel.data)
 *(.rel.data.*)
 *(.rel.gnu.linkonce.d*)

.rela.data
 *(.rela.data)
 *(.rela.data.*)
 *(.rela.gnu.linkonce.d*)

.rel.ctors
 *(.rel.ctors)

.rela.ctors
 *(.rela.ctors)

.rel.dtors
 *(.rel.dtors)

.rela.dtors
 *(.rela.dtors)

.rel.got
 *(.rel.got)

.rela.got
 *(.rela.got)

.rel.bss
 *(.rel.bss)

.rela.bss
 *(.rela.bss)

.rel.plt
 *(.rel.plt)

.rela.plt
 *(.rela.plt)

.text           0x00000000     0x1010
 *(.vectors)
 .vectors       0x00000000       0x8c C:\AvrEdit\WinAVR\bin\..\lib\gcc-lib\avr\3.3.1\..\..\..\..\avr\lib\avr5\crtm128.o
                0x00000000                __vectors
                0x00000000                __vector_default
                0x0000008c                __ctors_start = .
 *(.ctors)
                0x0000008c                __ctors_end = .
                0x0000008c                __dtors_start = .
 *(.dtors)
                0x0000008c                __dtors_end = .
 *(.progmem.gcc*)
 *(.progmem*)
                0x0000008c                . = ALIGN (0x2)
 *(.init0)
 *(.init1)
 *(.init2)
 .init2         0x0000008c        0xc C:\AvrEdit\WinAVR\bin\..\lib\gcc-lib\avr\3.3.1\..\..\..\..\avr\lib\avr5\crtm128.o
 *(.init3)
 *(.init4)
 .init4         0x00000098       0x1a C:\AvrEdit\WinAVR\bin\..\lib\gcc-lib\avr\3.3.1\..\..\..\..\avr\lib\avr5\crtm128.o
                0x00000098                __do_copy_data
 .init4         0x000000b2       0x10 C:\AvrEdit\WinAVR\bin\..\lib\gcc-lib\avr\3.3.1\avr5\libgcc.a(_clear_bss.o)
                0x000000b2                __do_clear_bss
 *(.init5)
 *(.init6)
 *(.init7)
 *(.init8)
 *(.init9)
 .init9         0x000000c2        0x4 C:\AvrEdit\WinAVR\bin\..\lib\gcc-lib\avr\3.3.1\..\..\..\..\avr\lib\avr5\crtm128.o
 *(.text)
 .text          0x000000c6        0x4 C:\AvrEdit\WinAVR\bin\..\lib\gcc-lib\avr\3.3.1\..\..\..\..\avr\lib\avr5\crtm128.o
                0x000000c6                __vector_22
                0x000000c6                __vector_28
                0x000000c6                __vector_1
                0x000000c6                __vector_32
                0x000000c6                __vector_34
                0x000000c6                __vector_24
                0x000000c6                __bad_interrupt
                0x000000c6                __vector_6
                0x000000c6                __vector_31
                0x000000c6                __vector_3
                0x000000c6                __vector_23
                0x000000c6                __vector_25
                0x000000c6                __vector_11
                0x000000c6                __vector_13
                0x000000c6                __vector_17
                0x000000c6                __vector_19
                0x000000c6                __vector_7
                0x000000c6                __vector_27
                0x000000c6                __vector_5
                0x000000c6                __vector_33
                0x000000c6                __vector_4
                0x000000c6                __vector_9
                0x000000c6                __vector_2
                0x000000c6                __vector_21
                0x000000c6                __vector_15
                0x000000c6                __vector_29
                0x000000c6                __vector_8
                0x000000c6                __vector_26
                0x000000c6                __vector_14
                0x000000c6                __vector_10
                0x000000c6                __vector_16
                0x000000c6                __vector_20
 .text          0x000000ca      0xf46 DME_2012D.o
                0x000006d2                __vector_12
                0x000000ca                MCU_initialize
                0x00000162                Beep
                0x00000420                __vector_30
                0x00000152                TX1_char
                0x0000014a                TX0_char
                0x0000010c                Delay_ms
                0x0000089c                main
                0x000000f4                Delay_nop
                0x000000f6                Delay_us
                0x00000170                __vector_18
                0x00001010                . = ALIGN (0x2)
 *(.text.*)
                0x00001010                . = ALIGN (0x2)
 *(.fini9)
 *(.fini8)
 *(.fini7)
 *(.fini6)
 *(.fini5)
 *(.fini4)
 *(.fini3)
 *(.fini2)
 *(.fini1)
 *(.fini0)
                0x00001010                _etext = .

.data           0x00800100        0x8 load address 0x00001010
                0x00800100                PROVIDE (__data_start, .)
 *(.data)
 .data          0x00800100        0x8 DME_2012D.o
                0x00800100                ETI_LOS_TEMP
                0x00800105                Serial_Time_Count1
                0x00800107                READY_FLAG
                0x00800103                Serial_Time_Count0
                0x00800101                Time_Count
 *(.gnu.linkonce.d*)
                0x00800108                . = ALIGN (0x2)
                0x00800108                _edata = .
                0x00800108                PROVIDE (__data_end, .)

.bss            0x00800108       0x69
                0x00800108                PROVIDE (__bss_start, .)
 *(.bss)
 .bss           0x00800108        0x5 DME_2012D.o
                0x0080010c                RESET_FLAG
                0x0080010b                Remote_Flag
                0x0080010a                Key_Flag
                0x00800108                Time_Flag
 *(COMMON)
 COMMON         0x0080010d       0x64 DME_2012D.o
                                  0x0 (size before relaxing)
                0x0080010d                E_FCRC_A
                0x0080010e                Key_Clear
                0x0080010f                INPUT_TYPE_A
                0x00800110                j
                0x00800112                SW_HOME_B
                0x00800113                E_SYNC_A
                0x00800114                Buf_Count0
                0x00800116                INPUT_TYPE_B
                0x00800117                E_HCRC_B
                0x00800118                RXD_BUF0
                0x00800136                RM_RST_KEY
                0x00800137                E_SYNC_B
                0x00800138                E_HCRC_A
                0x00800139                i
                0x0080013b                AUDIO_MUTE_B
                0x0080013c                ETI_LOS
                0x0080013d                ETI_LOS_BUF0
                0x0080013e                Key_Clear_Flag
                0x0080013f                E_FCNT_B
                0x00800140                AUDIO_MUTE_A
                0x00800141                Serial_Count0
                0x00800143                E_FCNT_A
                0x00800144                ETI_LOS_BUF1
                0x00800145                ETI_LOS_BUF
                0x00800146                E_FCRC_B
                0x00800147                RXD_BUF1
                0x00800165                Key_Input
                0x00800166                LED_TIME_Count
                0x00800167                Serial_Count1
                0x00800169                RM_RST_KEY_Flag
                0x0080016a                Buf_Count1
                0x0080016c                Log_LED_Clear_Time_Count
                0x00800170                SW_HOME_A
                0x00800171                PROVIDE (__bss_end, .)
                0x00001010                __data_load_start = LOADADDR (.data)
                0x00001018                __data_load_end = (__data_load_start + SIZEOF (.data))

.noinit         0x00800171        0x0
                0x00800171                PROVIDE (__noinit_start, .)
 *(.noinit*)
                0x00800171                PROVIDE (__noinit_end, .)
                0x00800171                _end = .
                0x00800171                PROVIDE (__heap_start, .)

.eeprom         0x00810000        0x0 load address 0x00001018
 *(.eeprom*)
                0x00810000                __eeprom_end = .

.stab           0x00000000     0x159c
 *(.stab)
 .stab          0x00000000     0x159c DME_2012D.o

.stabstr        0x00000000      0xa7e
 *(.stabstr)
 .stabstr       0x00000000      0xa7e DME_2012D.o
                                  0x0 (size before relaxing)

.stab.excl
 *(.stab.excl)

.stab.exclstr
 *(.stab.exclstr)

.stab.index
 *(.stab.index)

.stab.indexstr
 *(.stab.indexstr)

.comment
 *(.comment)

.debug
 *(.debug)

.line
 *(.line)

.debug_srcinfo
 *(.debug_srcinfo)

.debug_sfnames
 *(.debug_sfnames)

.debug_aranges
 *(.debug_aranges)

.debug_pubnames
 *(.debug_pubnames)

.debug_info
 *(.debug_info)
 *(.gnu.linkonce.wi.*)

.debug_abbrev
 *(.debug_abbrev)

.debug_line
 *(.debug_line)

.debug_frame
 *(.debug_frame)

.debug_str
 *(.debug_str)

.debug_loc
 *(.debug_loc)

.debug_macinfo
 *(.debug_macinfo)
OUTPUT(DME_2012D.elf elf32-avr)

Cross Reference Table

Symbol                                            File
AUDIO_MUTE_A                                      DME_2012D.o
AUDIO_MUTE_B                                      DME_2012D.o
Beep                                              DME_2012D.o
Buf_Count0                                        DME_2012D.o
Buf_Count1                                        DME_2012D.o
Delay_ms                                          DME_2012D.o
Delay_nop                                         DME_2012D.o
Delay_us                                          DME_2012D.o
ETI_LOS                                           DME_2012D.o
ETI_LOS_BUF                                       DME_2012D.o
ETI_LOS_BUF0                                      DME_2012D.o
ETI_LOS_BUF1                                      DME_2012D.o
ETI_LOS_TEMP                                      DME_2012D.o
E_FCNT_A                                          DME_2012D.o
E_FCNT_B                                          DME_2012D.o
E_FCRC_A                                          DME_2012D.o
E_FCRC_B                                          DME_2012D.o
E_HCRC_A                                          DME_2012D.o
E_HCRC_B                                          DME_2012D.o
E_SYNC_A                                          DME_2012D.o
E_SYNC_B                                          DME_2012D.o
INPUT_TYPE_A                                      DME_2012D.o
INPUT_TYPE_B                                      DME_2012D.o
Key_Clear                                         DME_2012D.o
Key_Clear_Flag                                    DME_2012D.o
Key_Flag                                          DME_2012D.o
Key_Input                                         DME_2012D.o
LED_TIME_Count                                    DME_2012D.o
Log_LED_Clear_Time_Count                          DME_2012D.o
MCU_initialize                                    DME_2012D.o
READY_FLAG                                        DME_2012D.o
RESET_FLAG                                        DME_2012D.o
RM_RST_KEY                                        DME_2012D.o
RM_RST_KEY_Flag                                   DME_2012D.o
RXD_BUF0                                          DME_2012D.o
RXD_BUF1                                          DME_2012D.o
Remote_Flag                                       DME_2012D.o
SW_HOME_A                                         DME_2012D.o
SW_HOME_B                                         DME_2012D.o
Serial_Count0                                     DME_2012D.o
Serial_Count1                                     DME_2012D.o
Serial_Time_Count0                                DME_2012D.o
Serial_Time_Count1                                DME_2012D.o
TX0_char                                          DME_2012D.o
TX1_char                                          DME_2012D.o
Time_Count                                        DME_2012D.o
Time_Flag                                         DME_2012D.o
__bad_interrupt                                   C:\AvrEdit\WinAVR\bin\..\lib\gcc-lib\avr\3.3.1\..\..\..\..\avr\lib\avr5\crtm128.o
__bss_end                                         C:\AvrEdit\WinAVR\bin\..\lib\gcc-lib\avr\3.3.1\avr5\libgcc.a(_clear_bss.o)
__bss_start                                       C:\AvrEdit\WinAVR\bin\..\lib\gcc-lib\avr\3.3.1\avr5\libgcc.a(_clear_bss.o)
__data_end                                        C:\AvrEdit\WinAVR\bin\..\lib\gcc-lib\avr\3.3.1\..\..\..\..\avr\lib\avr5\crtm128.o
__data_load_start                                 C:\AvrEdit\WinAVR\bin\..\lib\gcc-lib\avr\3.3.1\..\..\..\..\avr\lib\avr5\crtm128.o
__data_start                                      C:\AvrEdit\WinAVR\bin\..\lib\gcc-lib\avr\3.3.1\..\..\..\..\avr\lib\avr5\crtm128.o
__do_clear_bss                                    C:\AvrEdit\WinAVR\bin\..\lib\gcc-lib\avr\3.3.1\avr5\libgcc.a(_clear_bss.o)
                                                  DME_2012D.o
__do_copy_data                                    C:\AvrEdit\WinAVR\bin\..\lib\gcc-lib\avr\3.3.1\..\..\..\..\avr\lib\avr5\crtm128.o
                                                  DME_2012D.o
__heap_end                                        C:\AvrEdit\WinAVR\bin\..\lib\gcc-lib\avr\3.3.1\..\..\..\..\avr\lib\avr5\crtm128.o
__init                                            C:\AvrEdit\WinAVR\bin\..\lib\gcc-lib\avr\3.3.1\..\..\..\..\avr\lib\avr5\crtm128.o
__stack                                           C:\AvrEdit\WinAVR\bin\..\lib\gcc-lib\avr\3.3.1\..\..\..\..\avr\lib\avr5\crtm128.o
                                                  DME_2012D.o
__vector_1                                        C:\AvrEdit\WinAVR\bin\..\lib\gcc-lib\avr\3.3.1\..\..\..\..\avr\lib\avr5\crtm128.o
__vector_10                                       C:\AvrEdit\WinAVR\bin\..\lib\gcc-lib\avr\3.3.1\..\..\..\..\avr\lib\avr5\crtm128.o
__vector_11                                       C:\AvrEdit\WinAVR\bin\..\lib\gcc-lib\avr\3.3.1\..\..\..\..\avr\lib\avr5\crtm128.o
__vector_12                                       DME_2012D.o
                                                  C:\AvrEdit\WinAVR\bin\..\lib\gcc-lib\avr\3.3.1\..\..\..\..\avr\lib\avr5\crtm128.o
__vector_13                                       C:\AvrEdit\WinAVR\bin\..\lib\gcc-lib\avr\3.3.1\..\..\..\..\avr\lib\avr5\crtm128.o
__vector_14                                       C:\AvrEdit\WinAVR\bin\..\lib\gcc-lib\avr\3.3.1\..\..\..\..\avr\lib\avr5\crtm128.o
__vector_15                                       C:\AvrEdit\WinAVR\bin\..\lib\gcc-lib\avr\3.3.1\..\..\..\..\avr\lib\avr5\crtm128.o
__vector_16                                       C:\AvrEdit\WinAVR\bin\..\lib\gcc-lib\avr\3.3.1\..\..\..\..\avr\lib\avr5\crtm128.o
__vector_17                                       C:\AvrEdit\WinAVR\bin\..\lib\gcc-lib\avr\3.3.1\..\..\..\..\avr\lib\avr5\crtm128.o
__vector_18                                       DME_2012D.o
                                                  C:\AvrEdit\WinAVR\bin\..\lib\gcc-lib\avr\3.3.1\..\..\..\..\avr\lib\avr5\crtm128.o
__vector_19                                       C:\AvrEdit\WinAVR\bin\..\lib\gcc-lib\avr\3.3.1\..\..\..\..\avr\lib\avr5\crtm128.o
__vector_2                                        C:\AvrEdit\WinAVR\bin\..\lib\gcc-lib\avr\3.3.1\..\..\..\..\avr\lib\avr5\crtm128.o
__vector_20                                       C:\AvrEdit\WinAVR\bin\..\lib\gcc-lib\avr\3.3.1\..\..\..\..\avr\lib\avr5\crtm128.o
__vector_21                                       C:\AvrEdit\WinAVR\bin\..\lib\gcc-lib\avr\3.3.1\..\..\..\..\avr\lib\avr5\crtm128.o
__vector_22                                       C:\AvrEdit\WinAVR\bin\..\lib\gcc-lib\avr\3.3.1\..\..\..\..\avr\lib\avr5\crtm128.o
__vector_23                                       C:\AvrEdit\WinAVR\bin\..\lib\gcc-lib\avr\3.3.1\..\..\..\..\avr\lib\avr5\crtm128.o
__vector_24                                       C:\AvrEdit\WinAVR\bin\..\lib\gcc-lib\avr\3.3.1\..\..\..\..\avr\lib\avr5\crtm128.o
__vector_25                                       C:\AvrEdit\WinAVR\bin\..\lib\gcc-lib\avr\3.3.1\..\..\..\..\avr\lib\avr5\crtm128.o
__vector_26                                       C:\AvrEdit\WinAVR\bin\..\lib\gcc-lib\avr\3.3.1\..\..\..\..\avr\lib\avr5\crtm128.o
__vector_27                                       C:\AvrEdit\WinAVR\bin\..\lib\gcc-lib\avr\3.3.1\..\..\..\..\avr\lib\avr5\crtm128.o
__vector_28                                       C:\AvrEdit\WinAVR\bin\..\lib\gcc-lib\avr\3.3.1\..\..\..\..\avr\lib\avr5\crtm128.o
__vector_29                                       C:\AvrEdit\WinAVR\bin\..\lib\gcc-lib\avr\3.3.1\..\..\..\..\avr\lib\avr5\crtm128.o
__vector_3                                        C:\AvrEdit\WinAVR\bin\..\lib\gcc-lib\avr\3.3.1\..\..\..\..\avr\lib\avr5\crtm128.o
__vector_30                                       DME_2012D.o
                                                  C:\AvrEdit\WinAVR\bin\..\lib\gcc-lib\avr\3.3.1\..\..\..\..\avr\lib\avr5\crtm128.o
__vector_31                                       C:\AvrEdit\WinAVR\bin\..\lib\gcc-lib\avr\3.3.1\..\..\..\..\avr\lib\avr5\crtm128.o
__vector_32                                       C:\AvrEdit\WinAVR\bin\..\lib\gcc-lib\avr\3.3.1\..\..\..\..\avr\lib\avr5\crtm128.o
__vector_33                                       C:\AvrEdit\WinAVR\bin\..\lib\gcc-lib\avr\3.3.1\..\..\..\..\avr\lib\avr5\crtm128.o
__vector_34                                       C:\AvrEdit\WinAVR\bin\..\lib\gcc-lib\avr\3.3.1\..\..\..\..\avr\lib\avr5\crtm128.o
__vector_4                                        C:\AvrEdit\WinAVR\bin\..\lib\gcc-lib\avr\3.3.1\..\..\..\..\avr\lib\avr5\crtm128.o
__vector_5                                        C:\AvrEdit\WinAVR\bin\..\lib\gcc-lib\avr\3.3.1\..\..\..\..\avr\lib\avr5\crtm128.o
__vector_6                                        C:\AvrEdit\WinAVR\bin\..\lib\gcc-lib\avr\3.3.1\..\..\..\..\avr\lib\avr5\crtm128.o
__vector_7                                        C:\AvrEdit\WinAVR\bin\..\lib\gcc-lib\avr\3.3.1\..\..\..\..\avr\lib\avr5\crtm128.o
__vector_8                                        C:\AvrEdit\WinAVR\bin\..\lib\gcc-lib\avr\3.3.1\..\..\..\..\avr\lib\avr5\crtm128.o
__vector_9                                        C:\AvrEdit\WinAVR\bin\..\lib\gcc-lib\avr\3.3.1\..\..\..\..\avr\lib\avr5\crtm128.o
__vector_default                                  C:\AvrEdit\WinAVR\bin\..\lib\gcc-lib\avr\3.3.1\..\..\..\..\avr\lib\avr5\crtm128.o
__vectors                                         C:\AvrEdit\WinAVR\bin\..\lib\gcc-lib\avr\3.3.1\..\..\..\..\avr\lib\avr5\crtm128.o
i                                                 DME_2012D.o
j                                                 DME_2012D.o
main                                              DME_2012D.o
                                                  C:\AvrEdit\WinAVR\bin\..\lib\gcc-lib\avr\3.3.1\..\..\..\..\avr\lib\avr5\crtm128.o
